stm32f7xx_hal_adc.c:472:13:HAL_ADC_MspInit	0	static
stm32f7xx_hal_adc.c:321:19:HAL_ADC_Init	16	static
stm32f7xx_hal_adc.c:487:13:HAL_ADC_MspDeInit	0	static
stm32f7xx_hal_adc.c:415:19:HAL_ADC_DeInit	16	static
stm32f7xx_hal_adc.c:729:19:HAL_ADC_Start	8	static
stm32f7xx_hal_adc.c:842:19:HAL_ADC_Stop	0	static
stm32f7xx_hal_adc.c:885:19:HAL_ADC_PollForConversion	16	static
stm32f7xx_hal_adc.c:970:19:HAL_ADC_PollForEvent	24	static
stm32f7xx_hal_adc.c:1032:19:HAL_ADC_Start_IT	8	static
stm32f7xx_hal_adc.c:1147:19:HAL_ADC_Stop_IT	0	static
stm32f7xx_hal_adc.c:1346:19:HAL_ADC_Start_DMA	24	static
stm32f7xx_hal_adc.c:1476:19:HAL_ADC_Stop_DMA	8	static
stm32f7xx_hal_adc.c:1522:10:HAL_ADC_GetValue	0	static
stm32f7xx_hal_adc.c:1534:13:HAL_ADC_ConvCpltCallback	0	static
stm32f7xx_hal_adc.c:1549:13:HAL_ADC_ConvHalfCpltCallback	0	static
stm32f7xx_hal_adc.c:2007:13:ADC_DMAHalfConvCplt	8	static
stm32f7xx_hal_adc.c:1564:13:HAL_ADC_LevelOutOfWindowCallback	0	static
stm32f7xx_hal_adc.c:1585:13:HAL_ADC_ErrorCallback	0	static
stm32f7xx_hal_adc.c:1184:6:HAL_ADC_IRQHandler	16	static
stm32f7xx_hal_adc.c:2024:13:ADC_DMAError	8	static
stm32f7xx_hal_adc.c:1938:13:ADC_DMAConvCplt	8	static
stm32f7xx_hal_adc.c:1623:19:HAL_ADC_ConfigChannel	32	static
stm32f7xx_hal_adc.c:1737:19:HAL_ADC_AnalogWDGConfig	8	static
stm32f7xx_hal_adc.c:1819:10:HAL_ADC_GetState	0	static
stm32f7xx_hal_adc.c:1831:10:HAL_ADC_GetError	0	static
