stm32l0xx_hal_msp.c:67:6:HAL_MspInit	0	static
stm32l0xx_hal_msp.c:89:6:HAL_ADC_MspInit	32	static
stm32l0xx_hal_msp.c:124:6:HAL_ADC_MspDeInit	8	static
stm32l0xx_hal_msp.c:154:6:HAL_I2C_MspInit	32	static
stm32l0xx_hal_msp.c:190:6:HAL_I2C_MspDeInit	8	static
stm32l0xx_hal_msp.c:219:6:HAL_TIM_Base_MspInit	0	static
stm32l0xx_hal_msp.c:257:6:HAL_TIM_MspPostInit	40	static
stm32l0xx_hal_msp.c:318:6:HAL_TIM_Base_MspDeInit	0	static
stm32l0xx_hal_msp.c:362:6:HAL_UART_MspInit	40	static
stm32l0xx_hal_msp.c:415:6:HAL_UART_MspDeInit	8	static
