uart.c:50:6:uartBusyWaitForTXDone	32	static,ignoring_inline_asm
uart.c:70:13:uartSendChar	0	static
uart.c:75:6:uartSendString	8	static
uart.c:82:13:uartSendCharDirect	0	static,ignoring_inline_asm
uart.c:94:6:uartSendStringDirect	8	static
uart.c:101:6:uartSendHexLong	16	static
uart.c:112:6:uartSendHexShort	16	static
uart.c:119:6:uartSendHexByte	16	static
uart.c:144:6:uartShowMotorSpeed	8	static
uart.c:161:6:uartRXClearDMAForDiscardData	20	static
uart.c:185:6:uartShowHelp	8	static
uart.c:248:6:passiveDuringReprogOfOtherServo	32	static,ignoring_inline_asm
uart.c:315:6:uartParseCommand	288	static,ignoring_inline_asm
uart.c:641:6:showPIDGain	8	static
uart.c:651:6:uartReceiveChar	16	static
